PHPUnit 12.5.30 by Sebastian Bergmann and contributors.

Runtime:       PHP 8.5.0
Configuration: /home/akeng/projects/recruitment/api/packages/chumam2050/permission/phpunit.xml

[31;1mE[0m[31;1mE[0m[31;1mE[0m[31;1mE[0m[31;1mE[0m[31;1mE[0m[31;1mE[0m...                                                        10 / 10 (100%)

Time: 00:00.322, Memory: 44.50 MB

There were 7 errors:

1) Chumam2050\Permission\Tests\Unit\ModelsTest::test_group_can_be_created
Error: Class "App\Models\Group" not found

/home/akeng/projects/recruitment/api/packages/chumam2050/permission/vendor/laravel/framework/src/Illuminate/Database/Schema/Blueprint.php:1052
/home/akeng/projects/recruitment/api/packages/chumam2050/permission/vendor/orchestra/testbench-core/laravel/database/migrations/0002_00_00_000006_create_group_permission_table.php:23
/home/akeng/projects/recruitment/api/packages/chumam2050/permission/vendor/laravel/framework/src/Illuminate/Database/Schema/Builder.php:509
/home/akeng/projects/recruitment/api/packages/chumam2050/permission/vendor/laravel/framework/src/Illuminate/Support/helpers.php:393
/home/akeng/projects/recruitment/api/packages/chumam2050/permission/vendor/laravel/framework/src/Illuminate/Database/Schema/Builder.php:506
/home/akeng/projects/recruitment/api/packages/chumam2050/permission/vendor/laravel/framework/src/Illuminate/Support/Facades/Facade.php:363
/home/akeng/projects/recruitment/api/packages/chumam2050/permission/vendor/orchestra/testbench-core/laravel/database/migrations/0002_00_00_000006_create_group_permission_table.php:15
/home/akeng/projects/recruitment/api/packages/chumam2050/permission/vendor/laravel/framework/src/Illuminate/Database/Migrations/Migrator.php:517
/home/akeng/projects/recruitment/api/packages/chumam2050/permission/vendor/laravel/framework/src/Illuminate/Database/Migrations/Migrator.php:442
/home/akeng/projects/recruitment/api/packages/chumam2050/permission/vendor/laravel/framework/src/Illuminate/Database/Migrations/Migrator.php:451
/home/akeng/projects/recruitment/api/packages/chumam2050/permission/vendor/laravel/framework/src/Illuminate/Database/Migrations/Migrator.php:253
/home/akeng/projects/recruitment/api/packages/chumam2050/permission/vendor/laravel/framework/src/Illuminate/Console/View/Components/Task.php:41
/home/akeng/projects/recruitment/api/packages/chumam2050/permission/vendor/laravel/framework/src/Illuminate/Database/Migrations/Migrator.php:814
/home/akeng/projects/recruitment/api/packages/chumam2050/permission/vendor/laravel/framework/src/Illuminate/Database/Migrations/Migrator.php:253
/home/akeng/projects/recruitment/api/packages/chumam2050/permission/vendor/laravel/framework/src/Illuminate/Database/Migrations/Migrator.php:211
/home/akeng/projects/recruitment/api/packages/chumam2050/permission/vendor/laravel/framework/src/Illuminate/Database/Migrations/Migrator.php:138
/home/akeng/projects/recruitment/api/packages/chumam2050/permission/vendor/laravel/framework/src/Illuminate/Database/Console/Migrations/MigrateCommand.php:116
/home/akeng/projects/recruitment/api/packages/chumam2050/permission/vendor/laravel/framework/src/Illuminate/Database/Migrations/Migrator.php:671
/home/akeng/projects/recruitment/api/packages/chumam2050/permission/vendor/laravel/framework/src/Illuminate/Database/Console/Migrations/MigrateCommand.php:109
/home/akeng/projects/recruitment/api/packages/chumam2050/permission/vendor/laravel/framework/src/Illuminate/Database/Console/Migrations/MigrateCommand.php:88
/home/akeng/projects/recruitment/api/packages/chumam2050/permission/vendor/laravel/framework/src/Illuminate/Container/BoundMethod.php:36
/home/akeng/projects/recruitment/api/packages/chumam2050/permission/vendor/laravel/framework/src/Illuminate/Container/Util.php:43
/home/akeng/projects/recruitment/api/packages/chumam2050/permission/vendor/laravel/framework/src/Illuminate/Container/BoundMethod.php:96
/home/akeng/projects/recruitment/api/packages/chumam2050/permission/vendor/laravel/framework/src/Illuminate/Container/BoundMethod.php:35
/home/akeng/projects/recruitment/api/packages/chumam2050/permission/vendor/laravel/framework/src/Illuminate/Container/Container.php:799
/home/akeng/projects/recruitment/api/packages/chumam2050/permission/vendor/laravel/framework/src/Illuminate/Console/Command.php:211
/home/akeng/projects/recruitment/api/packages/chumam2050/permission/vendor/symfony/console/Command/Command.php:341
/home/akeng/projects/recruitment/api/packages/chumam2050/permission/vendor/laravel/framework/src/Illuminate/Console/Command.php:180
/home/akeng/projects/recruitment/api/packages/chumam2050/permission/vendor/laravel/framework/src/Illuminate/Console/Concerns/CallsCommands.php:68
/home/akeng/projects/recruitment/api/packages/chumam2050/permission/vendor/laravel/framework/src/Illuminate/Console/Concerns/CallsCommands.php:29
/home/akeng/projects/recruitment/api/packages/chumam2050/permission/vendor/laravel/framework/src/Illuminate/Database/Console/Migrations/FreshCommand.php:88
/home/akeng/projects/recruitment/api/packages/chumam2050/permission/vendor/laravel/framework/src/Illuminate/Container/BoundMethod.php:36
/home/akeng/projects/recruitment/api/packages/chumam2050/permission/vendor/laravel/framework/src/Illuminate/Container/Util.php:43
/home/akeng/projects/recruitment/api/packages/chumam2050/permission/vendor/laravel/framework/src/Illuminate/Container/BoundMethod.php:96
/home/akeng/projects/recruitment/api/packages/chumam2050/permission/vendor/laravel/framework/src/Illuminate/Container/BoundMethod.php:35
/home/akeng/projects/recruitment/api/packages/chumam2050/permission/vendor/laravel/framework/src/Illuminate/Container/Container.php:799
/home/akeng/projects/recruitment/api/packages/chumam2050/permission/vendor/laravel/framework/src/Illuminate/Console/Command.php:211
/home/akeng/projects/recruitment/api/packages/chumam2050/permission/vendor/symfony/console/Command/Command.php:341
/home/akeng/projects/recruitment/api/packages/chumam2050/permission/vendor/laravel/framework/src/Illuminate/Console/Command.php:180
/home/akeng/projects/recruitment/api/packages/chumam2050/permission/vendor/symfony/console/Application.php:1094
/home/akeng/projects/recruitment/api/packages/chumam2050/permission/vendor/symfony/console/Application.php:356
/home/akeng/projects/recruitment/api/packages/chumam2050/permission/vendor/symfony/console/Application.php:195
/home/akeng/projects/recruitment/api/packages/chumam2050/permission/vendor/laravel/framework/src/Illuminate/Console/Application.php:165
/home/akeng/projects/recruitment/api/packages/chumam2050/permission/vendor/laravel/framework/src/Illuminate/Foundation/Console/Kernel.php:447
/home/akeng/projects/recruitment/api/packages/chumam2050/permission/vendor/laravel/framework/src/Illuminate/Testing/PendingCommand.php:451
/home/akeng/projects/recruitment/api/packages/chumam2050/permission/vendor/laravel/framework/src/Illuminate/Testing/PendingCommand.php:675
/home/akeng/projects/recruitment/api/packages/chumam2050/permission/vendor/laravel/framework/src/Illuminate/Foundation/Testing/Concerns/InteractsWithConsole.php:87
/home/akeng/projects/recruitment/api/packages/chumam2050/permission/vendor/laravel/framework/src/Illuminate/Foundation/Testing/RefreshDatabase.php:119
/home/akeng/projects/recruitment/api/packages/chumam2050/permission/vendor/laravel/framework/src/Illuminate/Foundation/Testing/RefreshDatabase.php:84
/home/akeng/projects/recruitment/api/packages/chumam2050/permission/vendor/laravel/framework/src/Illuminate/Foundation/Testing/RefreshDatabase.php:25
/home/akeng/projects/recruitment/api/packages/chumam2050/permission/vendor/orchestra/testbench-core/src/Concerns/Testing.php:120
/home/akeng/projects/recruitment/api/packages/chumam2050/permission/vendor/orchestra/testbench-core/src/Concerns/HandlesDatabases.php:62
/home/akeng/projects/recruitment/api/packages/chumam2050/permission/vendor/orchestra/testbench-core/src/Concerns/Testing.php:118
/home/akeng/projects/recruitment/api/packages/chumam2050/permission/vendor/orchestra/testbench-core/src/TestCase.php:71
/home/akeng/projects/recruitment/api/packages/chumam2050/permission/vendor/orchestra/testbench-core/src/Concerns/Testing.php:44
/home/akeng/projects/recruitment/api/packages/chumam2050/permission/vendor/orchestra/testbench-core/src/Concerns/ApplicationTestingHooks.php:89
/home/akeng/projects/recruitment/api/packages/chumam2050/permission/vendor/orchestra/testbench-core/src/Concerns/Testing.php:43
/home/akeng/projects/recruitment/api/packages/chumam2050/permission/vendor/laravel/framework/src/Illuminate/Collections/helpers.php:266
/home/akeng/projects/recruitment/api/packages/chumam2050/permission/vendor/orchestra/sidekick/src/functions.php:109
/home/akeng/projects/recruitment/api/packages/chumam2050/permission/vendor/laravel/framework/src/Illuminate/Collections/helpers.php:266
/home/akeng/projects/recruitment/api/packages/chumam2050/permission/vendor/orchestra/testbench-core/src/Concerns/Testing.php:57
/home/akeng/projects/recruitment/api/packages/chumam2050/permission/vendor/orchestra/testbench-core/src/TestCase.php:50
/home/akeng/projects/recruitment/api/packages/chumam2050/permission/tests/PublishedTestCase.php:40

2) Chumam2050\Permission\Tests\Unit\ModelsTest::test_permission_can_be_created
Error: Class "App\Models\Group" not found

/home/akeng/projects/recruitment/api/packages/chumam2050/permission/vendor/laravel/framework/src/Illuminate/Database/Schema/Blueprint.php:1052
/home/akeng/projects/recruitment/api/packages/chumam2050/permission/vendor/orchestra/testbench-core/laravel/database/migrations/0002_00_00_000006_create_group_permission_table.php:23
/home/akeng/projects/recruitment/api/packages/chumam2050/permission/vendor/laravel/framework/src/Illuminate/Database/Schema/Builder.php:509
/home/akeng/projects/recruitment/api/packages/chumam2050/permission/vendor/laravel/framework/src/Illuminate/Support/helpers.php:393
/home/akeng/projects/recruitment/api/packages/chumam2050/permission/vendor/laravel/framework/src/Illuminate/Database/Schema/Builder.php:506
/home/akeng/projects/recruitment/api/packages/chumam2050/permission/vendor/laravel/framework/src/Illuminate/Support/Facades/Facade.php:363
/home/akeng/projects/recruitment/api/packages/chumam2050/permission/vendor/orchestra/testbench-core/laravel/database/migrations/0002_00_00_000006_create_group_permission_table.php:15
/home/akeng/projects/recruitment/api/packages/chumam2050/permission/vendor/laravel/framework/src/Illuminate/Database/Migrations/Migrator.php:517
/home/akeng/projects/recruitment/api/packages/chumam2050/permission/vendor/laravel/framework/src/Illuminate/Database/Migrations/Migrator.php:442
/home/akeng/projects/recruitment/api/packages/chumam2050/permission/vendor/laravel/framework/src/Illuminate/Database/Migrations/Migrator.php:451
/home/akeng/projects/recruitment/api/packages/chumam2050/permission/vendor/laravel/framework/src/Illuminate/Database/Migrations/Migrator.php:253
/home/akeng/projects/recruitment/api/packages/chumam2050/permission/vendor/laravel/framework/src/Illuminate/Console/View/Components/Task.php:41
/home/akeng/projects/recruitment/api/packages/chumam2050/permission/vendor/laravel/framework/src/Illuminate/Database/Migrations/Migrator.php:814
/home/akeng/projects/recruitment/api/packages/chumam2050/permission/vendor/laravel/framework/src/Illuminate/Database/Migrations/Migrator.php:253
/home/akeng/projects/recruitment/api/packages/chumam2050/permission/vendor/laravel/framework/src/Illuminate/Database/Migrations/Migrator.php:211
/home/akeng/projects/recruitment/api/packages/chumam2050/permission/vendor/laravel/framework/src/Illuminate/Database/Migrations/Migrator.php:138
/home/akeng/projects/recruitment/api/packages/chumam2050/permission/vendor/laravel/framework/src/Illuminate/Database/Console/Migrations/MigrateCommand.php:116
/home/akeng/projects/recruitment/api/packages/chumam2050/permission/vendor/laravel/framework/src/Illuminate/Database/Migrations/Migrator.php:671
/home/akeng/projects/recruitment/api/packages/chumam2050/permission/vendor/laravel/framework/src/Illuminate/Database/Console/Migrations/MigrateCommand.php:109
/home/akeng/projects/recruitment/api/packages/chumam2050/permission/vendor/laravel/framework/src/Illuminate/Database/Console/Migrations/MigrateCommand.php:88
/home/akeng/projects/recruitment/api/packages/chumam2050/permission/vendor/laravel/framework/src/Illuminate/Container/BoundMethod.php:36
/home/akeng/projects/recruitment/api/packages/chumam2050/permission/vendor/laravel/framework/src/Illuminate/Container/Util.php:43
/home/akeng/projects/recruitment/api/packages/chumam2050/permission/vendor/laravel/framework/src/Illuminate/Container/BoundMethod.php:96
/home/akeng/projects/recruitment/api/packages/chumam2050/permission/vendor/laravel/framework/src/Illuminate/Container/BoundMethod.php:35
/home/akeng/projects/recruitment/api/packages/chumam2050/permission/vendor/laravel/framework/src/Illuminate/Container/Container.php:799
/home/akeng/projects/recruitment/api/packages/chumam2050/permission/vendor/laravel/framework/src/Illuminate/Console/Command.php:211
/home/akeng/projects/recruitment/api/packages/chumam2050/permission/vendor/symfony/console/Command/Command.php:341
/home/akeng/projects/recruitment/api/packages/chumam2050/permission/vendor/laravel/framework/src/Illuminate/Console/Command.php:180
/home/akeng/projects/recruitment/api/packages/chumam2050/permission/vendor/laravel/framework/src/Illuminate/Console/Concerns/CallsCommands.php:68
/home/akeng/projects/recruitment/api/packages/chumam2050/permission/vendor/laravel/framework/src/Illuminate/Console/Concerns/CallsCommands.php:29
/home/akeng/projects/recruitment/api/packages/chumam2050/permission/vendor/laravel/framework/src/Illuminate/Database/Console/Migrations/FreshCommand.php:88
/home/akeng/projects/recruitment/api/packages/chumam2050/permission/vendor/laravel/framework/src/Illuminate/Container/BoundMethod.php:36
/home/akeng/projects/recruitment/api/packages/chumam2050/permission/vendor/laravel/framework/src/Illuminate/Container/Util.php:43
/home/akeng/projects/recruitment/api/packages/chumam2050/permission/vendor/laravel/framework/src/Illuminate/Container/BoundMethod.php:96
/home/akeng/projects/recruitment/api/packages/chumam2050/permission/vendor/laravel/framework/src/Illuminate/Container/BoundMethod.php:35
/home/akeng/projects/recruitment/api/packages/chumam2050/permission/vendor/laravel/framework/src/Illuminate/Container/Container.php:799
/home/akeng/projects/recruitment/api/packages/chumam2050/permission/vendor/laravel/framework/src/Illuminate/Console/Command.php:211
/home/akeng/projects/recruitment/api/packages/chumam2050/permission/vendor/symfony/console/Command/Command.php:341
/home/akeng/projects/recruitment/api/packages/chumam2050/permission/vendor/laravel/framework/src/Illuminate/Console/Command.php:180
/home/akeng/projects/recruitment/api/packages/chumam2050/permission/vendor/symfony/console/Application.php:1094
/home/akeng/projects/recruitment/api/packages/chumam2050/permission/vendor/symfony/console/Application.php:356
/home/akeng/projects/recruitment/api/packages/chumam2050/permission/vendor/symfony/console/Application.php:195
/home/akeng/projects/recruitment/api/packages/chumam2050/permission/vendor/laravel/framework/src/Illuminate/Console/Application.php:165
/home/akeng/projects/recruitment/api/packages/chumam2050/permission/vendor/laravel/framework/src/Illuminate/Foundation/Console/Kernel.php:447
/home/akeng/projects/recruitment/api/packages/chumam2050/permission/vendor/laravel/framework/src/Illuminate/Testing/PendingCommand.php:451
/home/akeng/projects/recruitment/api/packages/chumam2050/permission/vendor/laravel/framework/src/Illuminate/Testing/PendingCommand.php:675
/home/akeng/projects/recruitment/api/packages/chumam2050/permission/vendor/laravel/framework/src/Illuminate/Foundation/Testing/Concerns/InteractsWithConsole.php:87
/home/akeng/projects/recruitment/api/packages/chumam2050/permission/vendor/laravel/framework/src/Illuminate/Foundation/Testing/RefreshDatabase.php:119
/home/akeng/projects/recruitment/api/packages/chumam2050/permission/vendor/laravel/framework/src/Illuminate/Foundation/Testing/RefreshDatabase.php:84
/home/akeng/projects/recruitment/api/packages/chumam2050/permission/vendor/laravel/framework/src/Illuminate/Foundation/Testing/RefreshDatabase.php:25
/home/akeng/projects/recruitment/api/packages/chumam2050/permission/vendor/orchestra/testbench-core/src/Concerns/Testing.php:120
/home/akeng/projects/recruitment/api/packages/chumam2050/permission/vendor/orchestra/testbench-core/src/Concerns/HandlesDatabases.php:62
/home/akeng/projects/recruitment/api/packages/chumam2050/permission/vendor/orchestra/testbench-core/src/Concerns/Testing.php:118
/home/akeng/projects/recruitment/api/packages/chumam2050/permission/vendor/orchestra/testbench-core/src/TestCase.php:71
/home/akeng/projects/recruitment/api/packages/chumam2050/permission/vendor/orchestra/testbench-core/src/Concerns/Testing.php:44
/home/akeng/projects/recruitment/api/packages/chumam2050/permission/vendor/orchestra/testbench-core/src/Concerns/ApplicationTestingHooks.php:89
/home/akeng/projects/recruitment/api/packages/chumam2050/permission/vendor/orchestra/testbench-core/src/Concerns/Testing.php:43
/home/akeng/projects/recruitment/api/packages/chumam2050/permission/vendor/laravel/framework/src/Illuminate/Collections/helpers.php:266
/home/akeng/projects/recruitment/api/packages/chumam2050/permission/vendor/orchestra/sidekick/src/functions.php:109
/home/akeng/projects/recruitment/api/packages/chumam2050/permission/vendor/laravel/framework/src/Illuminate/Collections/helpers.php:266
/home/akeng/projects/recruitment/api/packages/chumam2050/permission/vendor/orchestra/testbench-core/src/Concerns/Testing.php:57
/home/akeng/projects/recruitment/api/packages/chumam2050/permission/vendor/orchestra/testbench-core/src/TestCase.php:50
/home/akeng/projects/recruitment/api/packages/chumam2050/permission/tests/PublishedTestCase.php:40

3) Chumam2050\Permission\Tests\Unit\ModelsTest::test_group_permission_relation
Error: Class "App\Models\Group" not found

/home/akeng/projects/recruitment/api/packages/chumam2050/permission/vendor/laravel/framework/src/Illuminate/Database/Schema/Blueprint.php:1052
/home/akeng/projects/recruitment/api/packages/chumam2050/permission/vendor/orchestra/testbench-core/laravel/database/migrations/0002_00_00_000006_create_group_permission_table.php:23
/home/akeng/projects/recruitment/api/packages/chumam2050/permission/vendor/laravel/framework/src/Illuminate/Database/Schema/Builder.php:509
/home/akeng/projects/recruitment/api/packages/chumam2050/permission/vendor/laravel/framework/src/Illuminate/Support/helpers.php:393
/home/akeng/projects/recruitment/api/packages/chumam2050/permission/vendor/laravel/framework/src/Illuminate/Database/Schema/Builder.php:506
/home/akeng/projects/recruitment/api/packages/chumam2050/permission/vendor/laravel/framework/src/Illuminate/Support/Facades/Facade.php:363
/home/akeng/projects/recruitment/api/packages/chumam2050/permission/vendor/orchestra/testbench-core/laravel/database/migrations/0002_00_00_000006_create_group_permission_table.php:15
/home/akeng/projects/recruitment/api/packages/chumam2050/permission/vendor/laravel/framework/src/Illuminate/Database/Migrations/Migrator.php:517
/home/akeng/projects/recruitment/api/packages/chumam2050/permission/vendor/laravel/framework/src/Illuminate/Database/Migrations/Migrator.php:442
/home/akeng/projects/recruitment/api/packages/chumam2050/permission/vendor/laravel/framework/src/Illuminate/Database/Migrations/Migrator.php:451
/home/akeng/projects/recruitment/api/packages/chumam2050/permission/vendor/laravel/framework/src/Illuminate/Database/Migrations/Migrator.php:253
/home/akeng/projects/recruitment/api/packages/chumam2050/permission/vendor/laravel/framework/src/Illuminate/Console/View/Components/Task.php:41
/home/akeng/projects/recruitment/api/packages/chumam2050/permission/vendor/laravel/framework/src/Illuminate/Database/Migrations/Migrator.php:814
/home/akeng/projects/recruitment/api/packages/chumam2050/permission/vendor/laravel/framework/src/Illuminate/Database/Migrations/Migrator.php:253
/home/akeng/projects/recruitment/api/packages/chumam2050/permission/vendor/laravel/framework/src/Illuminate/Database/Migrations/Migrator.php:211
/home/akeng/projects/recruitment/api/packages/chumam2050/permission/vendor/laravel/framework/src/Illuminate/Database/Migrations/Migrator.php:138
/home/akeng/projects/recruitment/api/packages/chumam2050/permission/vendor/laravel/framework/src/Illuminate/Database/Console/Migrations/MigrateCommand.php:116
/home/akeng/projects/recruitment/api/packages/chumam2050/permission/vendor/laravel/framework/src/Illuminate/Database/Migrations/Migrator.php:671
/home/akeng/projects/recruitment/api/packages/chumam2050/permission/vendor/laravel/framework/src/Illuminate/Database/Console/Migrations/MigrateCommand.php:109
/home/akeng/projects/recruitment/api/packages/chumam2050/permission/vendor/laravel/framework/src/Illuminate/Database/Console/Migrations/MigrateCommand.php:88
/home/akeng/projects/recruitment/api/packages/chumam2050/permission/vendor/laravel/framework/src/Illuminate/Container/BoundMethod.php:36
/home/akeng/projects/recruitment/api/packages/chumam2050/permission/vendor/laravel/framework/src/Illuminate/Container/Util.php:43
/home/akeng/projects/recruitment/api/packages/chumam2050/permission/vendor/laravel/framework/src/Illuminate/Container/BoundMethod.php:96
/home/akeng/projects/recruitment/api/packages/chumam2050/permission/vendor/laravel/framework/src/Illuminate/Container/BoundMethod.php:35
/home/akeng/projects/recruitment/api/packages/chumam2050/permission/vendor/laravel/framework/src/Illuminate/Container/Container.php:799
/home/akeng/projects/recruitment/api/packages/chumam2050/permission/vendor/laravel/framework/src/Illuminate/Console/Command.php:211
/home/akeng/projects/recruitment/api/packages/chumam2050/permission/vendor/symfony/console/Command/Command.php:341
/home/akeng/projects/recruitment/api/packages/chumam2050/permission/vendor/laravel/framework/src/Illuminate/Console/Command.php:180
/home/akeng/projects/recruitment/api/packages/chumam2050/permission/vendor/laravel/framework/src/Illuminate/Console/Concerns/CallsCommands.php:68
/home/akeng/projects/recruitment/api/packages/chumam2050/permission/vendor/laravel/framework/src/Illuminate/Console/Concerns/CallsCommands.php:29
/home/akeng/projects/recruitment/api/packages/chumam2050/permission/vendor/laravel/framework/src/Illuminate/Database/Console/Migrations/FreshCommand.php:88
/home/akeng/projects/recruitment/api/packages/chumam2050/permission/vendor/laravel/framework/src/Illuminate/Container/BoundMethod.php:36
/home/akeng/projects/recruitment/api/packages/chumam2050/permission/vendor/laravel/framework/src/Illuminate/Container/Util.php:43
/home/akeng/projects/recruitment/api/packages/chumam2050/permission/vendor/laravel/framework/src/Illuminate/Container/BoundMethod.php:96
/home/akeng/projects/recruitment/api/packages/chumam2050/permission/vendor/laravel/framework/src/Illuminate/Container/BoundMethod.php:35
/home/akeng/projects/recruitment/api/packages/chumam2050/permission/vendor/laravel/framework/src/Illuminate/Container/Container.php:799
/home/akeng/projects/recruitment/api/packages/chumam2050/permission/vendor/laravel/framework/src/Illuminate/Console/Command.php:211
/home/akeng/projects/recruitment/api/packages/chumam2050/permission/vendor/symfony/console/Command/Command.php:341
/home/akeng/projects/recruitment/api/packages/chumam2050/permission/vendor/laravel/framework/src/Illuminate/Console/Command.php:180
/home/akeng/projects/recruitment/api/packages/chumam2050/permission/vendor/symfony/console/Application.php:1094
/home/akeng/projects/recruitment/api/packages/chumam2050/permission/vendor/symfony/console/Application.php:356
/home/akeng/projects/recruitment/api/packages/chumam2050/permission/vendor/symfony/console/Application.php:195
/home/akeng/projects/recruitment/api/packages/chumam2050/permission/vendor/laravel/framework/src/Illuminate/Console/Application.php:165
/home/akeng/projects/recruitment/api/packages/chumam2050/permission/vendor/laravel/framework/src/Illuminate/Foundation/Console/Kernel.php:447
/home/akeng/projects/recruitment/api/packages/chumam2050/permission/vendor/laravel/framework/src/Illuminate/Testing/PendingCommand.php:451
/home/akeng/projects/recruitment/api/packages/chumam2050/permission/vendor/laravel/framework/src/Illuminate/Testing/PendingCommand.php:675
/home/akeng/projects/recruitment/api/packages/chumam2050/permission/vendor/laravel/framework/src/Illuminate/Foundation/Testing/Concerns/InteractsWithConsole.php:87
/home/akeng/projects/recruitment/api/packages/chumam2050/permission/vendor/laravel/framework/src/Illuminate/Foundation/Testing/RefreshDatabase.php:119
/home/akeng/projects/recruitment/api/packages/chumam2050/permission/vendor/laravel/framework/src/Illuminate/Foundation/Testing/RefreshDatabase.php:84
/home/akeng/projects/recruitment/api/packages/chumam2050/permission/vendor/laravel/framework/src/Illuminate/Foundation/Testing/RefreshDatabase.php:25
/home/akeng/projects/recruitment/api/packages/chumam2050/permission/vendor/orchestra/testbench-core/src/Concerns/Testing.php:120
/home/akeng/projects/recruitment/api/packages/chumam2050/permission/vendor/orchestra/testbench-core/src/Concerns/HandlesDatabases.php:62
/home/akeng/projects/recruitment/api/packages/chumam2050/permission/vendor/orchestra/testbench-core/src/Concerns/Testing.php:118
/home/akeng/projects/recruitment/api/packages/chumam2050/permission/vendor/orchestra/testbench-core/src/TestCase.php:71
/home/akeng/projects/recruitment/api/packages/chumam2050/permission/vendor/orchestra/testbench-core/src/Concerns/Testing.php:44
/home/akeng/projects/recruitment/api/packages/chumam2050/permission/vendor/orchestra/testbench-core/src/Concerns/ApplicationTestingHooks.php:89
/home/akeng/projects/recruitment/api/packages/chumam2050/permission/vendor/orchestra/testbench-core/src/Concerns/Testing.php:43
/home/akeng/projects/recruitment/api/packages/chumam2050/permission/vendor/laravel/framework/src/Illuminate/Collections/helpers.php:266
/home/akeng/projects/recruitment/api/packages/chumam2050/permission/vendor/orchestra/sidekick/src/functions.php:109
/home/akeng/projects/recruitment/api/packages/chumam2050/permission/vendor/laravel/framework/src/Illuminate/Collections/helpers.php:266
/home/akeng/projects/recruitment/api/packages/chumam2050/permission/vendor/orchestra/testbench-core/src/Concerns/Testing.php:57
/home/akeng/projects/recruitment/api/packages/chumam2050/permission/vendor/orchestra/testbench-core/src/TestCase.php:50
/home/akeng/projects/recruitment/api/packages/chumam2050/permission/tests/PublishedTestCase.php:40

4) Chumam2050\Permission\Tests\Unit\PermissionMenuServiceTest::test_all_by_group_returns_permissions_grouped_by_module
Error: Class "App\Models\Group" not found

/home/akeng/projects/recruitment/api/packages/chumam2050/permission/vendor/laravel/framework/src/Illuminate/Database/Schema/Blueprint.php:1052
/home/akeng/projects/recruitment/api/packages/chumam2050/permission/vendor/orchestra/testbench-core/laravel/database/migrations/0002_00_00_000006_create_group_permission_table.php:23
/home/akeng/projects/recruitment/api/packages/chumam2050/permission/vendor/laravel/framework/src/Illuminate/Database/Schema/Builder.php:509
/home/akeng/projects/recruitment/api/packages/chumam2050/permission/vendor/laravel/framework/src/Illuminate/Support/helpers.php:393
/home/akeng/projects/recruitment/api/packages/chumam2050/permission/vendor/laravel/framework/src/Illuminate/Database/Schema/Builder.php:506
/home/akeng/projects/recruitment/api/packages/chumam2050/permission/vendor/laravel/framework/src/Illuminate/Support/Facades/Facade.php:363
/home/akeng/projects/recruitment/api/packages/chumam2050/permission/vendor/orchestra/testbench-core/laravel/database/migrations/0002_00_00_000006_create_group_permission_table.php:15
/home/akeng/projects/recruitment/api/packages/chumam2050/permission/vendor/laravel/framework/src/Illuminate/Database/Migrations/Migrator.php:517
/home/akeng/projects/recruitment/api/packages/chumam2050/permission/vendor/laravel/framework/src/Illuminate/Database/Migrations/Migrator.php:442
/home/akeng/projects/recruitment/api/packages/chumam2050/permission/vendor/laravel/framework/src/Illuminate/Database/Migrations/Migrator.php:451
/home/akeng/projects/recruitment/api/packages/chumam2050/permission/vendor/laravel/framework/src/Illuminate/Database/Migrations/Migrator.php:253
/home/akeng/projects/recruitment/api/packages/chumam2050/permission/vendor/laravel/framework/src/Illuminate/Console/View/Components/Task.php:41
/home/akeng/projects/recruitment/api/packages/chumam2050/permission/vendor/laravel/framework/src/Illuminate/Database/Migrations/Migrator.php:814
/home/akeng/projects/recruitment/api/packages/chumam2050/permission/vendor/laravel/framework/src/Illuminate/Database/Migrations/Migrator.php:253
/home/akeng/projects/recruitment/api/packages/chumam2050/permission/vendor/laravel/framework/src/Illuminate/Database/Migrations/Migrator.php:211
/home/akeng/projects/recruitment/api/packages/chumam2050/permission/vendor/laravel/framework/src/Illuminate/Database/Migrations/Migrator.php:138
/home/akeng/projects/recruitment/api/packages/chumam2050/permission/vendor/laravel/framework/src/Illuminate/Database/Console/Migrations/MigrateCommand.php:116
/home/akeng/projects/recruitment/api/packages/chumam2050/permission/vendor/laravel/framework/src/Illuminate/Database/Migrations/Migrator.php:671
/home/akeng/projects/recruitment/api/packages/chumam2050/permission/vendor/laravel/framework/src/Illuminate/Database/Console/Migrations/MigrateCommand.php:109
/home/akeng/projects/recruitment/api/packages/chumam2050/permission/vendor/laravel/framework/src/Illuminate/Database/Console/Migrations/MigrateCommand.php:88
/home/akeng/projects/recruitment/api/packages/chumam2050/permission/vendor/laravel/framework/src/Illuminate/Container/BoundMethod.php:36
/home/akeng/projects/recruitment/api/packages/chumam2050/permission/vendor/laravel/framework/src/Illuminate/Container/Util.php:43
/home/akeng/projects/recruitment/api/packages/chumam2050/permission/vendor/laravel/framework/src/Illuminate/Container/BoundMethod.php:96
/home/akeng/projects/recruitment/api/packages/chumam2050/permission/vendor/laravel/framework/src/Illuminate/Container/BoundMethod.php:35
/home/akeng/projects/recruitment/api/packages/chumam2050/permission/vendor/laravel/framework/src/Illuminate/Container/Container.php:799
/home/akeng/projects/recruitment/api/packages/chumam2050/permission/vendor/laravel/framework/src/Illuminate/Console/Command.php:211
/home/akeng/projects/recruitment/api/packages/chumam2050/permission/vendor/symfony/console/Command/Command.php:341
/home/akeng/projects/recruitment/api/packages/chumam2050/permission/vendor/laravel/framework/src/Illuminate/Console/Command.php:180
/home/akeng/projects/recruitment/api/packages/chumam2050/permission/vendor/laravel/framework/src/Illuminate/Console/Concerns/CallsCommands.php:68
/home/akeng/projects/recruitment/api/packages/chumam2050/permission/vendor/laravel/framework/src/Illuminate/Console/Concerns/CallsCommands.php:29
/home/akeng/projects/recruitment/api/packages/chumam2050/permission/vendor/laravel/framework/src/Illuminate/Database/Console/Migrations/FreshCommand.php:88
/home/akeng/projects/recruitment/api/packages/chumam2050/permission/vendor/laravel/framework/src/Illuminate/Container/BoundMethod.php:36
/home/akeng/projects/recruitment/api/packages/chumam2050/permission/vendor/laravel/framework/src/Illuminate/Container/Util.php:43
/home/akeng/projects/recruitment/api/packages/chumam2050/permission/vendor/laravel/framework/src/Illuminate/Container/BoundMethod.php:96
/home/akeng/projects/recruitment/api/packages/chumam2050/permission/vendor/laravel/framework/src/Illuminate/Container/BoundMethod.php:35
/home/akeng/projects/recruitment/api/packages/chumam2050/permission/vendor/laravel/framework/src/Illuminate/Container/Container.php:799
/home/akeng/projects/recruitment/api/packages/chumam2050/permission/vendor/laravel/framework/src/Illuminate/Console/Command.php:211
/home/akeng/projects/recruitment/api/packages/chumam2050/permission/vendor/symfony/console/Command/Command.php:341
/home/akeng/projects/recruitment/api/packages/chumam2050/permission/vendor/laravel/framework/src/Illuminate/Console/Command.php:180
/home/akeng/projects/recruitment/api/packages/chumam2050/permission/vendor/symfony/console/Application.php:1094
/home/akeng/projects/recruitment/api/packages/chumam2050/permission/vendor/symfony/console/Application.php:356
/home/akeng/projects/recruitment/api/packages/chumam2050/permission/vendor/symfony/console/Application.php:195
/home/akeng/projects/recruitment/api/packages/chumam2050/permission/vendor/laravel/framework/src/Illuminate/Console/Application.php:165
/home/akeng/projects/recruitment/api/packages/chumam2050/permission/vendor/laravel/framework/src/Illuminate/Foundation/Console/Kernel.php:447
/home/akeng/projects/recruitment/api/packages/chumam2050/permission/vendor/laravel/framework/src/Illuminate/Testing/PendingCommand.php:451
/home/akeng/projects/recruitment/api/packages/chumam2050/permission/vendor/laravel/framework/src/Illuminate/Testing/PendingCommand.php:675
/home/akeng/projects/recruitment/api/packages/chumam2050/permission/vendor/laravel/framework/src/Illuminate/Foundation/Testing/Concerns/InteractsWithConsole.php:87
/home/akeng/projects/recruitment/api/packages/chumam2050/permission/vendor/laravel/framework/src/Illuminate/Foundation/Testing/RefreshDatabase.php:119
/home/akeng/projects/recruitment/api/packages/chumam2050/permission/vendor/laravel/framework/src/Illuminate/Foundation/Testing/RefreshDatabase.php:84
/home/akeng/projects/recruitment/api/packages/chumam2050/permission/vendor/laravel/framework/src/Illuminate/Foundation/Testing/RefreshDatabase.php:25
/home/akeng/projects/recruitment/api/packages/chumam2050/permission/vendor/orchestra/testbench-core/src/Concerns/Testing.php:120
/home/akeng/projects/recruitment/api/packages/chumam2050/permission/vendor/orchestra/testbench-core/src/Concerns/HandlesDatabases.php:62
/home/akeng/projects/recruitment/api/packages/chumam2050/permission/vendor/orchestra/testbench-core/src/Concerns/Testing.php:118
/home/akeng/projects/recruitment/api/packages/chumam2050/permission/vendor/orchestra/testbench-core/src/TestCase.php:71
/home/akeng/projects/recruitment/api/packages/chumam2050/permission/vendor/orchestra/testbench-core/src/Concerns/Testing.php:44
/home/akeng/projects/recruitment/api/packages/chumam2050/permission/vendor/orchestra/testbench-core/src/Concerns/ApplicationTestingHooks.php:89
/home/akeng/projects/recruitment/api/packages/chumam2050/permission/vendor/orchestra/testbench-core/src/Concerns/Testing.php:43
/home/akeng/projects/recruitment/api/packages/chumam2050/permission/vendor/laravel/framework/src/Illuminate/Collections/helpers.php:266
/home/akeng/projects/recruitment/api/packages/chumam2050/permission/vendor/orchestra/sidekick/src/functions.php:109
/home/akeng/projects/recruitment/api/packages/chumam2050/permission/vendor/laravel/framework/src/Illuminate/Collections/helpers.php:266
/home/akeng/projects/recruitment/api/packages/chumam2050/permission/vendor/orchestra/testbench-core/src/Concerns/Testing.php:57
/home/akeng/projects/recruitment/api/packages/chumam2050/permission/vendor/orchestra/testbench-core/src/TestCase.php:50
/home/akeng/projects/recruitment/api/packages/chumam2050/permission/tests/PublishedTestCase.php:40

5) Chumam2050\Permission\Tests\Unit\PermissionMenuServiceTest::test_fetch_menus_filters_permissions
Error: Class "App\Models\Group" not found

/home/akeng/projects/recruitment/api/packages/chumam2050/permission/vendor/laravel/framework/src/Illuminate/Database/Schema/Blueprint.php:1052
/home/akeng/projects/recruitment/api/packages/chumam2050/permission/vendor/orchestra/testbench-core/laravel/database/migrations/0002_00_00_000006_create_group_permission_table.php:23
/home/akeng/projects/recruitment/api/packages/chumam2050/permission/vendor/laravel/framework/src/Illuminate/Database/Schema/Builder.php:509
/home/akeng/projects/recruitment/api/packages/chumam2050/permission/vendor/laravel/framework/src/Illuminate/Support/helpers.php:393
/home/akeng/projects/recruitment/api/packages/chumam2050/permission/vendor/laravel/framework/src/Illuminate/Database/Schema/Builder.php:506
/home/akeng/projects/recruitment/api/packages/chumam2050/permission/vendor/laravel/framework/src/Illuminate/Support/Facades/Facade.php:363
/home/akeng/projects/recruitment/api/packages/chumam2050/permission/vendor/orchestra/testbench-core/laravel/database/migrations/0002_00_00_000006_create_group_permission_table.php:15
/home/akeng/projects/recruitment/api/packages/chumam2050/permission/vendor/laravel/framework/src/Illuminate/Database/Migrations/Migrator.php:517
/home/akeng/projects/recruitment/api/packages/chumam2050/permission/vendor/laravel/framework/src/Illuminate/Database/Migrations/Migrator.php:442
/home/akeng/projects/recruitment/api/packages/chumam2050/permission/vendor/laravel/framework/src/Illuminate/Database/Migrations/Migrator.php:451
/home/akeng/projects/recruitment/api/packages/chumam2050/permission/vendor/laravel/framework/src/Illuminate/Database/Migrations/Migrator.php:253
/home/akeng/projects/recruitment/api/packages/chumam2050/permission/vendor/laravel/framework/src/Illuminate/Console/View/Components/Task.php:41
/home/akeng/projects/recruitment/api/packages/chumam2050/permission/vendor/laravel/framework/src/Illuminate/Database/Migrations/Migrator.php:814
/home/akeng/projects/recruitment/api/packages/chumam2050/permission/vendor/laravel/framework/src/Illuminate/Database/Migrations/Migrator.php:253
/home/akeng/projects/recruitment/api/packages/chumam2050/permission/vendor/laravel/framework/src/Illuminate/Database/Migrations/Migrator.php:211
/home/akeng/projects/recruitment/api/packages/chumam2050/permission/vendor/laravel/framework/src/Illuminate/Database/Migrations/Migrator.php:138
/home/akeng/projects/recruitment/api/packages/chumam2050/permission/vendor/laravel/framework/src/Illuminate/Database/Console/Migrations/MigrateCommand.php:116
/home/akeng/projects/recruitment/api/packages/chumam2050/permission/vendor/laravel/framework/src/Illuminate/Database/Migrations/Migrator.php:671
/home/akeng/projects/recruitment/api/packages/chumam2050/permission/vendor/laravel/framework/src/Illuminate/Database/Console/Migrations/MigrateCommand.php:109
/home/akeng/projects/recruitment/api/packages/chumam2050/permission/vendor/laravel/framework/src/Illuminate/Database/Console/Migrations/MigrateCommand.php:88
/home/akeng/projects/recruitment/api/packages/chumam2050/permission/vendor/laravel/framework/src/Illuminate/Container/BoundMethod.php:36
/home/akeng/projects/recruitment/api/packages/chumam2050/permission/vendor/laravel/framework/src/Illuminate/Container/Util.php:43
/home/akeng/projects/recruitment/api/packages/chumam2050/permission/vendor/laravel/framework/src/Illuminate/Container/BoundMethod.php:96
/home/akeng/projects/recruitment/api/packages/chumam2050/permission/vendor/laravel/framework/src/Illuminate/Container/BoundMethod.php:35
/home/akeng/projects/recruitment/api/packages/chumam2050/permission/vendor/laravel/framework/src/Illuminate/Container/Container.php:799
/home/akeng/projects/recruitment/api/packages/chumam2050/permission/vendor/laravel/framework/src/Illuminate/Console/Command.php:211
/home/akeng/projects/recruitment/api/packages/chumam2050/permission/vendor/symfony/console/Command/Command.php:341
/home/akeng/projects/recruitment/api/packages/chumam2050/permission/vendor/laravel/framework/src/Illuminate/Console/Command.php:180
/home/akeng/projects/recruitment/api/packages/chumam2050/permission/vendor/laravel/framework/src/Illuminate/Console/Concerns/CallsCommands.php:68
/home/akeng/projects/recruitment/api/packages/chumam2050/permission/vendor/laravel/framework/src/Illuminate/Console/Concerns/CallsCommands.php:29
/home/akeng/projects/recruitment/api/packages/chumam2050/permission/vendor/laravel/framework/src/Illuminate/Database/Console/Migrations/FreshCommand.php:88
/home/akeng/projects/recruitment/api/packages/chumam2050/permission/vendor/laravel/framework/src/Illuminate/Container/BoundMethod.php:36
/home/akeng/projects/recruitment/api/packages/chumam2050/permission/vendor/laravel/framework/src/Illuminate/Container/Util.php:43
/home/akeng/projects/recruitment/api/packages/chumam2050/permission/vendor/laravel/framework/src/Illuminate/Container/BoundMethod.php:96
/home/akeng/projects/recruitment/api/packages/chumam2050/permission/vendor/laravel/framework/src/Illuminate/Container/BoundMethod.php:35
/home/akeng/projects/recruitment/api/packages/chumam2050/permission/vendor/laravel/framework/src/Illuminate/Container/Container.php:799
/home/akeng/projects/recruitment/api/packages/chumam2050/permission/vendor/laravel/framework/src/Illuminate/Console/Command.php:211
/home/akeng/projects/recruitment/api/packages/chumam2050/permission/vendor/symfony/console/Command/Command.php:341
/home/akeng/projects/recruitment/api/packages/chumam2050/permission/vendor/laravel/framework/src/Illuminate/Console/Command.php:180
/home/akeng/projects/recruitment/api/packages/chumam2050/permission/vendor/symfony/console/Application.php:1094
/home/akeng/projects/recruitment/api/packages/chumam2050/permission/vendor/symfony/console/Application.php:356
/home/akeng/projects/recruitment/api/packages/chumam2050/permission/vendor/symfony/console/Application.php:195
/home/akeng/projects/recruitment/api/packages/chumam2050/permission/vendor/laravel/framework/src/Illuminate/Console/Application.php:165
/home/akeng/projects/recruitment/api/packages/chumam2050/permission/vendor/laravel/framework/src/Illuminate/Foundation/Console/Kernel.php:447
/home/akeng/projects/recruitment/api/packages/chumam2050/permission/vendor/laravel/framework/src/Illuminate/Testing/PendingCommand.php:451
/home/akeng/projects/recruitment/api/packages/chumam2050/permission/vendor/laravel/framework/src/Illuminate/Testing/PendingCommand.php:675
/home/akeng/projects/recruitment/api/packages/chumam2050/permission/vendor/laravel/framework/src/Illuminate/Foundation/Testing/Concerns/InteractsWithConsole.php:87
/home/akeng/projects/recruitment/api/packages/chumam2050/permission/vendor/laravel/framework/src/Illuminate/Foundation/Testing/RefreshDatabase.php:119
/home/akeng/projects/recruitment/api/packages/chumam2050/permission/vendor/laravel/framework/src/Illuminate/Foundation/Testing/RefreshDatabase.php:84
/home/akeng/projects/recruitment/api/packages/chumam2050/permission/vendor/laravel/framework/src/Illuminate/Foundation/Testing/RefreshDatabase.php:25
/home/akeng/projects/recruitment/api/packages/chumam2050/permission/vendor/orchestra/testbench-core/src/Concerns/Testing.php:120
/home/akeng/projects/recruitment/api/packages/chumam2050/permission/vendor/orchestra/testbench-core/src/Concerns/HandlesDatabases.php:62
/home/akeng/projects/recruitment/api/packages/chumam2050/permission/vendor/orchestra/testbench-core/src/Concerns/Testing.php:118
/home/akeng/projects/recruitment/api/packages/chumam2050/permission/vendor/orchestra/testbench-core/src/TestCase.php:71
/home/akeng/projects/recruitment/api/packages/chumam2050/permission/vendor/orchestra/testbench-core/src/Concerns/Testing.php:44
/home/akeng/projects/recruitment/api/packages/chumam2050/permission/vendor/orchestra/testbench-core/src/Concerns/ApplicationTestingHooks.php:89
/home/akeng/projects/recruitment/api/packages/chumam2050/permission/vendor/orchestra/testbench-core/src/Concerns/Testing.php:43
/home/akeng/projects/recruitment/api/packages/chumam2050/permission/vendor/laravel/framework/src/Illuminate/Collections/helpers.php:266
/home/akeng/projects/recruitment/api/packages/chumam2050/permission/vendor/orchestra/sidekick/src/functions.php:109
/home/akeng/projects/recruitment/api/packages/chumam2050/permission/vendor/laravel/framework/src/Illuminate/Collections/helpers.php:266
/home/akeng/projects/recruitment/api/packages/chumam2050/permission/vendor/orchestra/testbench-core/src/Concerns/Testing.php:57
/home/akeng/projects/recruitment/api/packages/chumam2050/permission/vendor/orchestra/testbench-core/src/TestCase.php:50
/home/akeng/projects/recruitment/api/packages/chumam2050/permission/tests/PublishedTestCase.php:40

6) Chumam2050\Permission\Tests\Feature\ControllersTest::test_can_fetch_group_permissions
Error: Class "App\Models\Group" not found

/home/akeng/projects/recruitment/api/packages/chumam2050/permission/vendor/laravel/framework/src/Illuminate/Database/Schema/Blueprint.php:1052
/home/akeng/projects/recruitment/api/packages/chumam2050/permission/vendor/orchestra/testbench-core/laravel/database/migrations/0002_00_00_000006_create_group_permission_table.php:23
/home/akeng/projects/recruitment/api/packages/chumam2050/permission/vendor/laravel/framework/src/Illuminate/Database/Schema/Builder.php:509
/home/akeng/projects/recruitment/api/packages/chumam2050/permission/vendor/laravel/framework/src/Illuminate/Support/helpers.php:393
/home/akeng/projects/recruitment/api/packages/chumam2050/permission/vendor/laravel/framework/src/Illuminate/Database/Schema/Builder.php:506
/home/akeng/projects/recruitment/api/packages/chumam2050/permission/vendor/laravel/framework/src/Illuminate/Support/Facades/Facade.php:363
/home/akeng/projects/recruitment/api/packages/chumam2050/permission/vendor/orchestra/testbench-core/laravel/database/migrations/0002_00_00_000006_create_group_permission_table.php:15
/home/akeng/projects/recruitment/api/packages/chumam2050/permission/vendor/laravel/framework/src/Illuminate/Database/Migrations/Migrator.php:517
/home/akeng/projects/recruitment/api/packages/chumam2050/permission/vendor/laravel/framework/src/Illuminate/Database/Migrations/Migrator.php:442
/home/akeng/projects/recruitment/api/packages/chumam2050/permission/vendor/laravel/framework/src/Illuminate/Database/Migrations/Migrator.php:451
/home/akeng/projects/recruitment/api/packages/chumam2050/permission/vendor/laravel/framework/src/Illuminate/Database/Migrations/Migrator.php:253
/home/akeng/projects/recruitment/api/packages/chumam2050/permission/vendor/laravel/framework/src/Illuminate/Console/View/Components/Task.php:41
/home/akeng/projects/recruitment/api/packages/chumam2050/permission/vendor/laravel/framework/src/Illuminate/Database/Migrations/Migrator.php:814
/home/akeng/projects/recruitment/api/packages/chumam2050/permission/vendor/laravel/framework/src/Illuminate/Database/Migrations/Migrator.php:253
/home/akeng/projects/recruitment/api/packages/chumam2050/permission/vendor/laravel/framework/src/Illuminate/Database/Migrations/Migrator.php:211
/home/akeng/projects/recruitment/api/packages/chumam2050/permission/vendor/laravel/framework/src/Illuminate/Database/Migrations/Migrator.php:138
/home/akeng/projects/recruitment/api/packages/chumam2050/permission/vendor/laravel/framework/src/Illuminate/Database/Console/Migrations/MigrateCommand.php:116
/home/akeng/projects/recruitment/api/packages/chumam2050/permission/vendor/laravel/framework/src/Illuminate/Database/Migrations/Migrator.php:671
/home/akeng/projects/recruitment/api/packages/chumam2050/permission/vendor/laravel/framework/src/Illuminate/Database/Console/Migrations/MigrateCommand.php:109
/home/akeng/projects/recruitment/api/packages/chumam2050/permission/vendor/laravel/framework/src/Illuminate/Database/Console/Migrations/MigrateCommand.php:88
/home/akeng/projects/recruitment/api/packages/chumam2050/permission/vendor/laravel/framework/src/Illuminate/Container/BoundMethod.php:36
/home/akeng/projects/recruitment/api/packages/chumam2050/permission/vendor/laravel/framework/src/Illuminate/Container/Util.php:43
/home/akeng/projects/recruitment/api/packages/chumam2050/permission/vendor/laravel/framework/src/Illuminate/Container/BoundMethod.php:96
/home/akeng/projects/recruitment/api/packages/chumam2050/permission/vendor/laravel/framework/src/Illuminate/Container/BoundMethod.php:35
/home/akeng/projects/recruitment/api/packages/chumam2050/permission/vendor/laravel/framework/src/Illuminate/Container/Container.php:799
/home/akeng/projects/recruitment/api/packages/chumam2050/permission/vendor/laravel/framework/src/Illuminate/Console/Command.php:211
/home/akeng/projects/recruitment/api/packages/chumam2050/permission/vendor/symfony/console/Command/Command.php:341
/home/akeng/projects/recruitment/api/packages/chumam2050/permission/vendor/laravel/framework/src/Illuminate/Console/Command.php:180
/home/akeng/projects/recruitment/api/packages/chumam2050/permission/vendor/laravel/framework/src/Illuminate/Console/Concerns/CallsCommands.php:68
/home/akeng/projects/recruitment/api/packages/chumam2050/permission/vendor/laravel/framework/src/Illuminate/Console/Concerns/CallsCommands.php:29
/home/akeng/projects/recruitment/api/packages/chumam2050/permission/vendor/laravel/framework/src/Illuminate/Database/Console/Migrations/FreshCommand.php:88
/home/akeng/projects/recruitment/api/packages/chumam2050/permission/vendor/laravel/framework/src/Illuminate/Container/BoundMethod.php:36
/home/akeng/projects/recruitment/api/packages/chumam2050/permission/vendor/laravel/framework/src/Illuminate/Container/Util.php:43
/home/akeng/projects/recruitment/api/packages/chumam2050/permission/vendor/laravel/framework/src/Illuminate/Container/BoundMethod.php:96
/home/akeng/projects/recruitment/api/packages/chumam2050/permission/vendor/laravel/framework/src/Illuminate/Container/BoundMethod.php:35
/home/akeng/projects/recruitment/api/packages/chumam2050/permission/vendor/laravel/framework/src/Illuminate/Container/Container.php:799
/home/akeng/projects/recruitment/api/packages/chumam2050/permission/vendor/laravel/framework/src/Illuminate/Console/Command.php:211
/home/akeng/projects/recruitment/api/packages/chumam2050/permission/vendor/symfony/console/Command/Command.php:341
/home/akeng/projects/recruitment/api/packages/chumam2050/permission/vendor/laravel/framework/src/Illuminate/Console/Command.php:180
/home/akeng/projects/recruitment/api/packages/chumam2050/permission/vendor/symfony/console/Application.php:1094
/home/akeng/projects/recruitment/api/packages/chumam2050/permission/vendor/symfony/console/Application.php:356
/home/akeng/projects/recruitment/api/packages/chumam2050/permission/vendor/symfony/console/Application.php:195
/home/akeng/projects/recruitment/api/packages/chumam2050/permission/vendor/laravel/framework/src/Illuminate/Console/Application.php:165
/home/akeng/projects/recruitment/api/packages/chumam2050/permission/vendor/laravel/framework/src/Illuminate/Foundation/Console/Kernel.php:447
/home/akeng/projects/recruitment/api/packages/chumam2050/permission/vendor/laravel/framework/src/Illuminate/Testing/PendingCommand.php:451
/home/akeng/projects/recruitment/api/packages/chumam2050/permission/vendor/laravel/framework/src/Illuminate/Testing/PendingCommand.php:675
/home/akeng/projects/recruitment/api/packages/chumam2050/permission/vendor/laravel/framework/src/Illuminate/Foundation/Testing/Concerns/InteractsWithConsole.php:87
/home/akeng/projects/recruitment/api/packages/chumam2050/permission/vendor/laravel/framework/src/Illuminate/Foundation/Testing/RefreshDatabase.php:119
/home/akeng/projects/recruitment/api/packages/chumam2050/permission/vendor/laravel/framework/src/Illuminate/Foundation/Testing/RefreshDatabase.php:84
/home/akeng/projects/recruitment/api/packages/chumam2050/permission/vendor/laravel/framework/src/Illuminate/Foundation/Testing/RefreshDatabase.php:25
/home/akeng/projects/recruitment/api/packages/chumam2050/permission/vendor/orchestra/testbench-core/src/Concerns/Testing.php:120
/home/akeng/projects/recruitment/api/packages/chumam2050/permission/vendor/orchestra/testbench-core/src/Concerns/HandlesDatabases.php:62
/home/akeng/projects/recruitment/api/packages/chumam2050/permission/vendor/orchestra/testbench-core/src/Concerns/Testing.php:118
/home/akeng/projects/recruitment/api/packages/chumam2050/permission/vendor/orchestra/testbench-core/src/TestCase.php:71
/home/akeng/projects/recruitment/api/packages/chumam2050/permission/vendor/orchestra/testbench-core/src/Concerns/Testing.php:44
/home/akeng/projects/recruitment/api/packages/chumam2050/permission/vendor/orchestra/testbench-core/src/Concerns/ApplicationTestingHooks.php:89
/home/akeng/projects/recruitment/api/packages/chumam2050/permission/vendor/orchestra/testbench-core/src/Concerns/Testing.php:43
/home/akeng/projects/recruitment/api/packages/chumam2050/permission/vendor/laravel/framework/src/Illuminate/Collections/helpers.php:266
/home/akeng/projects/recruitment/api/packages/chumam2050/permission/vendor/orchestra/sidekick/src/functions.php:109
/home/akeng/projects/recruitment/api/packages/chumam2050/permission/vendor/laravel/framework/src/Illuminate/Collections/helpers.php:266
/home/akeng/projects/recruitment/api/packages/chumam2050/permission/vendor/orchestra/testbench-core/src/Concerns/Testing.php:57
/home/akeng/projects/recruitment/api/packages/chumam2050/permission/vendor/orchestra/testbench-core/src/TestCase.php:50
/home/akeng/projects/recruitment/api/packages/chumam2050/permission/tests/PublishedTestCase.php:40
/home/akeng/projects/recruitment/api/packages/chumam2050/permission/tests/Feature/ControllersTest.php:14

7) Chumam2050\Permission\Tests\Feature\ControllersTest::test_can_assign_permission_to_group
Error: Class "App\Models\Group" not found

/home/akeng/projects/recruitment/api/packages/chumam2050/permission/vendor/laravel/framework/src/Illuminate/Database/Schema/Blueprint.php:1052
/home/akeng/projects/recruitment/api/packages/chumam2050/permission/vendor/orchestra/testbench-core/laravel/database/migrations/0002_00_00_000006_create_group_permission_table.php:23
/home/akeng/projects/recruitment/api/packages/chumam2050/permission/vendor/laravel/framework/src/Illuminate/Database/Schema/Builder.php:509
/home/akeng/projects/recruitment/api/packages/chumam2050/permission/vendor/laravel/framework/src/Illuminate/Support/helpers.php:393
/home/akeng/projects/recruitment/api/packages/chumam2050/permission/vendor/laravel/framework/src/Illuminate/Database/Schema/Builder.php:506
/home/akeng/projects/recruitment/api/packages/chumam2050/permission/vendor/laravel/framework/src/Illuminate/Support/Facades/Facade.php:363
/home/akeng/projects/recruitment/api/packages/chumam2050/permission/vendor/orchestra/testbench-core/laravel/database/migrations/0002_00_00_000006_create_group_permission_table.php:15
/home/akeng/projects/recruitment/api/packages/chumam2050/permission/vendor/laravel/framework/src/Illuminate/Database/Migrations/Migrator.php:517
/home/akeng/projects/recruitment/api/packages/chumam2050/permission/vendor/laravel/framework/src/Illuminate/Database/Migrations/Migrator.php:442
/home/akeng/projects/recruitment/api/packages/chumam2050/permission/vendor/laravel/framework/src/Illuminate/Database/Migrations/Migrator.php:451
/home/akeng/projects/recruitment/api/packages/chumam2050/permission/vendor/laravel/framework/src/Illuminate/Database/Migrations/Migrator.php:253
/home/akeng/projects/recruitment/api/packages/chumam2050/permission/vendor/laravel/framework/src/Illuminate/Console/View/Components/Task.php:41
/home/akeng/projects/recruitment/api/packages/chumam2050/permission/vendor/laravel/framework/src/Illuminate/Database/Migrations/Migrator.php:814
/home/akeng/projects/recruitment/api/packages/chumam2050/permission/vendor/laravel/framework/src/Illuminate/Database/Migrations/Migrator.php:253
/home/akeng/projects/recruitment/api/packages/chumam2050/permission/vendor/laravel/framework/src/Illuminate/Database/Migrations/Migrator.php:211
/home/akeng/projects/recruitment/api/packages/chumam2050/permission/vendor/laravel/framework/src/Illuminate/Database/Migrations/Migrator.php:138
/home/akeng/projects/recruitment/api/packages/chumam2050/permission/vendor/laravel/framework/src/Illuminate/Database/Console/Migrations/MigrateCommand.php:116
/home/akeng/projects/recruitment/api/packages/chumam2050/permission/vendor/laravel/framework/src/Illuminate/Database/Migrations/Migrator.php:671
/home/akeng/projects/recruitment/api/packages/chumam2050/permission/vendor/laravel/framework/src/Illuminate/Database/Console/Migrations/MigrateCommand.php:109
/home/akeng/projects/recruitment/api/packages/chumam2050/permission/vendor/laravel/framework/src/Illuminate/Database/Console/Migrations/MigrateCommand.php:88
/home/akeng/projects/recruitment/api/packages/chumam2050/permission/vendor/laravel/framework/src/Illuminate/Container/BoundMethod.php:36
/home/akeng/projects/recruitment/api/packages/chumam2050/permission/vendor/laravel/framework/src/Illuminate/Container/Util.php:43
/home/akeng/projects/recruitment/api/packages/chumam2050/permission/vendor/laravel/framework/src/Illuminate/Container/BoundMethod.php:96
/home/akeng/projects/recruitment/api/packages/chumam2050/permission/vendor/laravel/framework/src/Illuminate/Container/BoundMethod.php:35
/home/akeng/projects/recruitment/api/packages/chumam2050/permission/vendor/laravel/framework/src/Illuminate/Container/Container.php:799
/home/akeng/projects/recruitment/api/packages/chumam2050/permission/vendor/laravel/framework/src/Illuminate/Console/Command.php:211
/home/akeng/projects/recruitment/api/packages/chumam2050/permission/vendor/symfony/console/Command/Command.php:341
/home/akeng/projects/recruitment/api/packages/chumam2050/permission/vendor/laravel/framework/src/Illuminate/Console/Command.php:180
/home/akeng/projects/recruitment/api/packages/chumam2050/permission/vendor/laravel/framework/src/Illuminate/Console/Concerns/CallsCommands.php:68
/home/akeng/projects/recruitment/api/packages/chumam2050/permission/vendor/laravel/framework/src/Illuminate/Console/Concerns/CallsCommands.php:29
/home/akeng/projects/recruitment/api/packages/chumam2050/permission/vendor/laravel/framework/src/Illuminate/Database/Console/Migrations/FreshCommand.php:88
/home/akeng/projects/recruitment/api/packages/chumam2050/permission/vendor/laravel/framework/src/Illuminate/Container/BoundMethod.php:36
/home/akeng/projects/recruitment/api/packages/chumam2050/permission/vendor/laravel/framework/src/Illuminate/Container/Util.php:43
/home/akeng/projects/recruitment/api/packages/chumam2050/permission/vendor/laravel/framework/src/Illuminate/Container/BoundMethod.php:96
/home/akeng/projects/recruitment/api/packages/chumam2050/permission/vendor/laravel/framework/src/Illuminate/Container/BoundMethod.php:35
/home/akeng/projects/recruitment/api/packages/chumam2050/permission/vendor/laravel/framework/src/Illuminate/Container/Container.php:799
/home/akeng/projects/recruitment/api/packages/chumam2050/permission/vendor/laravel/framework/src/Illuminate/Console/Command.php:211
/home/akeng/projects/recruitment/api/packages/chumam2050/permission/vendor/symfony/console/Command/Command.php:341
/home/akeng/projects/recruitment/api/packages/chumam2050/permission/vendor/laravel/framework/src/Illuminate/Console/Command.php:180
/home/akeng/projects/recruitment/api/packages/chumam2050/permission/vendor/symfony/console/Application.php:1094
/home/akeng/projects/recruitment/api/packages/chumam2050/permission/vendor/symfony/console/Application.php:356
/home/akeng/projects/recruitment/api/packages/chumam2050/permission/vendor/symfony/console/Application.php:195
/home/akeng/projects/recruitment/api/packages/chumam2050/permission/vendor/laravel/framework/src/Illuminate/Console/Application.php:165
/home/akeng/projects/recruitment/api/packages/chumam2050/permission/vendor/laravel/framework/src/Illuminate/Foundation/Console/Kernel.php:447
/home/akeng/projects/recruitment/api/packages/chumam2050/permission/vendor/laravel/framework/src/Illuminate/Testing/PendingCommand.php:451
/home/akeng/projects/recruitment/api/packages/chumam2050/permission/vendor/laravel/framework/src/Illuminate/Testing/PendingCommand.php:675
/home/akeng/projects/recruitment/api/packages/chumam2050/permission/vendor/laravel/framework/src/Illuminate/Foundation/Testing/Concerns/InteractsWithConsole.php:87
/home/akeng/projects/recruitment/api/packages/chumam2050/permission/vendor/laravel/framework/src/Illuminate/Foundation/Testing/RefreshDatabase.php:119
/home/akeng/projects/recruitment/api/packages/chumam2050/permission/vendor/laravel/framework/src/Illuminate/Foundation/Testing/RefreshDatabase.php:84
/home/akeng/projects/recruitment/api/packages/chumam2050/permission/vendor/laravel/framework/src/Illuminate/Foundation/Testing/RefreshDatabase.php:25
/home/akeng/projects/recruitment/api/packages/chumam2050/permission/vendor/orchestra/testbench-core/src/Concerns/Testing.php:120
/home/akeng/projects/recruitment/api/packages/chumam2050/permission/vendor/orchestra/testbench-core/src/Concerns/HandlesDatabases.php:62
/home/akeng/projects/recruitment/api/packages/chumam2050/permission/vendor/orchestra/testbench-core/src/Concerns/Testing.php:118
/home/akeng/projects/recruitment/api/packages/chumam2050/permission/vendor/orchestra/testbench-core/src/TestCase.php:71
/home/akeng/projects/recruitment/api/packages/chumam2050/permission/vendor/orchestra/testbench-core/src/Concerns/Testing.php:44
/home/akeng/projects/recruitment/api/packages/chumam2050/permission/vendor/orchestra/testbench-core/src/Concerns/ApplicationTestingHooks.php:89
/home/akeng/projects/recruitment/api/packages/chumam2050/permission/vendor/orchestra/testbench-core/src/Concerns/Testing.php:43
/home/akeng/projects/recruitment/api/packages/chumam2050/permission/vendor/laravel/framework/src/Illuminate/Collections/helpers.php:266
/home/akeng/projects/recruitment/api/packages/chumam2050/permission/vendor/orchestra/sidekick/src/functions.php:109
/home/akeng/projects/recruitment/api/packages/chumam2050/permission/vendor/laravel/framework/src/Illuminate/Collections/helpers.php:266
/home/akeng/projects/recruitment/api/packages/chumam2050/permission/vendor/orchestra/testbench-core/src/Concerns/Testing.php:57
/home/akeng/projects/recruitment/api/packages/chumam2050/permission/vendor/orchestra/testbench-core/src/TestCase.php:50
/home/akeng/projects/recruitment/api/packages/chumam2050/permission/tests/PublishedTestCase.php:40
/home/akeng/projects/recruitment/api/packages/chumam2050/permission/tests/Feature/ControllersTest.php:14

[37;41mERRORS![0m
[37;41mTests: 10[0m[37;41m, Assertions: 15[0m[37;41m, Errors: 7[0m[37;41m.[0m
